---
source: tests/fail_matrix/fri.rs
expression: issue
---
None
