---
source: tests/fail_matrix/indices.rs
assertion_line: 32
expression: "&mutated.proof.openings().trace.indices"
---
[
    56,
    15,
    58,
    83,
    92,
    118,
    122,
    127,
    132,
    138,
    145,
    148,
    211,
    228,
    246,
    252,
    265,
    278,
    294,
    311,
    314,
    316,
    350,
    368,
    382,
    384,
    389,
    393,
    431,
    449,
    458,
    475,
    479,
    480,
    501,
    516,
    530,
    550,
    557,
    588,
    629,
    656,
    663,
    671,
    676,
    765,
    792,
    800,
    805,
    860,
    862,
    863,
    870,
    873,
    881,
    927,
    928,
    930,
    932,
    948,
    968,
    973,
    991,
    1020,
]
