---
source: tests/fail_matrix/indices.rs
expression: "&mutated.proof.openings.composition.as_ref().expect(\"composition openings available\").indices"
---
[
    0,
    0,
    62,
    64,
    69,
    71,
    76,
    119,
    125,
    132,
    135,
    155,
    161,
    164,
    175,
    179,
    247,
    249,
    266,
    274,
    301,
    308,
    312,
    314,
    315,
    343,
    374,
    402,
    406,
    410,
    413,
    418,
    426,
    431,
    447,
    450,
    472,
    496,
    505,
    531,
    549,
    584,
    605,
    621,
    633,
    653,
    684,
    733,
    759,
    760,
    774,
    817,
    827,
    834,
    866,
    895,
    900,
    921,
    931,
    943,
    948,
    974,
    1012,
    1016,
]
