---
source: tests/fail_matrix/fri.rs
expression: mutated.proof.fri_proof.fold_challenges
---
[
    FieldElement(
        16557431330832171284,
    ),
    FieldElement(
        9563123922416446873,
    ),
    FieldElement(
        3288713213764685753,
    ),
    FieldElement(
        12703049985924049655,
    ),
    FieldElement(
        9479874167357604068,
    ),
]
