---
source: tests/fail_matrix/composition.rs
expression: leaves
---
[
    "0100000000000000",
    "0000000000000000",
    "0000000000000000",
    "0000000000000000",
    "0000000000000000",
    "0000000000000000",
    "0000000000000000",
    "0000000000000000",
    "61063702626f5f8e",
    "0000000000000000",
    "0000000000000000",
    "0000000000000000",
    "0000000000000000",
    "0000000000000000",
    "0000000000000000",
    "0000000000000000",
    "0000000000000000",
    "0000000000000000",
    "0000000000000000",
    "0000000000000000",
    "0000000000000000",
    "0000000000000000",
    "0000000000000000",
    "0000000000000000",
    "0000000000000000",
    "0000000000000000",
    "0000000000000000",
    "0000000000000000",
    "0000000000000000",
    "0000000000000000",
    "0000000000000000",
    "0000000000000000",
    "0000000000000000",
    "0000000000000000",
    "0000000000000000",
    "0000000000000000",
    "0000000000000000",
    "0000000000000000",
    "0000000000000000",
    "0000000000000000",
    "0000000000000000",
    "0000000000000000",
    "0000000000000000",
    "0000000000000000",
    "0000000000000000",
    "0000000000000000",
    "0000000000000000",
    "0000000000000000",
    "0000000000000000",
    "0000000000000000",
    "0000000000000000",
    "0000000000000000",
    "0000000000000000",
    "0000000000000000",
    "0000000000000000",
    "0000000000000000",
    "0000000000000000",
    "0000000000000000",
    "0000000000000000",
    "0000000000000000",
    "0000000000000000",
    "0000000000000000",
    "0000000000000000",
    "0000000000000000",
]
