---
source: tests/fail_matrix/fri.rs
expression: error
---
MerkleVerifyFailed {
    section: FriPath,
}
