---
source: tests/fail_matrix/header.rs
expression: hex_bytes(&header_bytes(&mutated_bytes))
---
0100e4e4106dff8decc6ef79242c7835af59318d902f198a287e74af2125f85fca0633a35b7496af36230dc5cb12c09a7161ab456d09f12c968402cb6fc56769bacf4135ca2ceb7ae4aa4ef47c44248021558efa725d94fa89d516d873c1b9ce26217b000000005250502d54582d4149522d5631000000000000000000000000000000000000013500000001000000000000000000000000000000000000000000000000000000000000000080000000010000000800000003000000000000000131c04afbca9a6479991a94a77b152776b986ad94cd2ce067fb4440d2c37f9950e1b00000b65a01000131000000
