---
source: tests/fail_matrix/telemetry.rs
assertion_line: 177
expression: hex_bytes(&telemetry_bytes)
---
fa000000e80b0200020c002000000040006e86bf478753b847d988bd2aef7cc1672854a1c88973a71558d5a5821b27f941
