---
source: tests/fail_matrix/indices.rs
assertion_line: 116
expression: "&mutated.proof.openings.composition.as_ref().expect(\"composition openings available\").indices"
---
[
    26,
    3,
    42,
    45,
    59,
    74,
    117,
    118,
    127,
    140,
    172,
    174,
    191,
    197,
    213,
    214,
    234,
    243,
    266,
    276,
    324,
    344,
    371,
    373,
    377,
    384,
    397,
    412,
    433,
    455,
    471,
    479,
    492,
    522,
    555,
    572,
    577,
    584,
    592,
    604,
    621,
    670,
    671,
    696,
    700,
    729,
    734,
    739,
    745,
    746,
    757,
    772,
    813,
    819,
    822,
    825,
    840,
    900,
    914,
    956,
    977,
    1015,
    1019,
    1021,
]
