---
source: tests/merkle_roundtrip.rs
assertion_line: 77
expression: hex_bytes(&aux_bytes)
---
0100020104315241505f4c4b4d20000800000004000000040000000800000020000000b0d002d0fdd826e47153a480d8a07741c908085f53a706eba9278331711e154220000000712602874321b8d7ed86970e3d092fc61979a55a6c134d918f2990e1cf6dc0e1200000008a66b2923886990516ef58047ec87b6c262a4a7c1b51f8f80f6147c51d5eadcb200000005ad1c73fea79615bce5089727d31d5ed2b0a66ddb01897d2abef44a88cea18d72000000032c35b533eee4fdc30cd4bddf72dc7d64bc8416e70317358464deb8ee17a165f20000000b50e19015268dfdd4842d2086fd0952e1441a6f53ad65260994383128f29195820000000ee3a5ab326af1ca12dab1aa475fb7817d5eb34187d38a48f7811728452ec60bf2000000097ab38163721fa7630227694f296517dca4599cfda7fc7447ba83a1565de8f3604000000200000005dc2f20dab83c89b31ba89ba53e91bf079e1f7f229d44822f3591720da93b0ac200000006ea8252c467c448f15efc4084b5d00c0f7d9ec29aa0807631a3f0b4b39d90b0d200000001485230ae193ab0b434d3b7f453b2a14611a6ede5fce43d3b96580827162295a20000000b688a503143ae18af08032aa03858f4813ebc9c1ff9c411b0a5a58830f8a86d6020000002000000054871bd312c65000eb667e65d83c521b7a749e01fadf88fda929007fd7c403d720000000a5cdd018303022b58302d20a82e84e38bed5f76d8a339fac62cb4f2babdbb2040100000020000000989bca6f2c39c961e469798525e5028b15340fd491674d74ea8c183c7f38ee6a
