---
source: tests/merkle_roundtrip.rs
assertion_line: 76
expression: hex_bytes(&proof_bytes)
---
0100020104315241505f4c4b4d2000000020000200000002000000050000000400000002015ad1c73fea79615bce5089727d31d5ed2b0a66ddb01897d2abef44a88cea18d7020132c35b533eee4fdc30cd4bddf72dc7d64bc8416e70317358464deb8ee17a165f02015dc2f20dab83c89b31ba89ba53e91bf079e1f7f229d44822f3591720da93b0ac0201b688a503143ae18af08032aa03858f4813ebc9c1ff9c411b0a5a58830f8a86d6
