---
source: tests/proof_artifacts.rs
expression: artifact
---
{
  "composition_path_lengths": {
    "histogram": {
      "10": 64
    },
    "total": 64
  },
  "composition_query_indices": [
    3,
    26,
    42,
    45,
    59,
    74,
    117,
    118,
    127,
    140,
    172,
    174,
    191,
    197,
    213,
    214,
    234,
    243,
    266,
    276,
    324,
    344,
    371,
    373,
    377,
    384,
    397,
    412,
    433,
    455,
    471,
    479,
    492,
    522,
    555,
    572,
    577,
    584,
    592,
    604,
    621,
    670,
    671,
    696,
    700,
    729,
    734,
    739,
    745,
    746,
    757,
    772,
    813,
    819,
    822,
    825,
    840,
    900,
    914,
    956,
    977,
    1015,
    1019,
    1021
  ],
  "composition_root": "b00162d607f98f5fc4d3eda621b26caf7ad62fcbe7993b43cd4bdb6324f5f725",
  "fri_path_lengths": {
    "histogram": {
      "10": 64,
      "6": 64,
      "7": 64,
      "8": 64,
      "9": 64
    },
    "total": 320
  },
  "fri_query_positions": [
    3,
    26,
    42,
    45,
    59,
    74,
    117,
    118,
    127,
    140,
    172,
    174,
    191,
    197,
    213,
    214,
    234,
    243,
    266,
    276,
    324,
    344,
    371,
    373,
    377,
    384,
    397,
    412,
    433,
    455,
    471,
    479,
    492,
    522,
    555,
    572,
    577,
    584,
    592,
    604,
    621,
    670,
    671,
    696,
    700,
    729,
    734,
    739,
    745,
    746,
    757,
    772,
    813,
    819,
    822,
    825,
    840,
    900,
    914,
    956,
    977,
    1015,
    1019,
    1021
  ],
  "fri_roots": [
    "251602d1ac89355a0bae915d3e3119528228bcd210fd04b3c5f639f28e1c0a66",
    "0323f8d5138650be0fa834d9e3793d9523e6eac97ad9ceee1b063feecd435c0f",
    "b2defab4ee1faf9b2925566afdb6a3c31a39a60229cd28539f0ae43081105d8f",
    "41dce5909d545bb0e2bf4c04efce1c99d31f603033348d0d9c00b702ec33b946",
    "3f592bd94f0a0a65f3eb304f08f83231f55932d9e1e9becb8ad5e0fc952830e8"
  ],
  "trace_path_lengths": {
    "histogram": {
      "10": 64
    },
    "total": 64
  },
  "trace_query_indices": [
    3,
    26,
    42,
    45,
    59,
    74,
    117,
    118,
    127,
    140,
    172,
    174,
    191,
    197,
    213,
    214,
    234,
    243,
    266,
    276,
    324,
    344,
    371,
    373,
    377,
    384,
    397,
    412,
    433,
    455,
    471,
    479,
    492,
    522,
    555,
    572,
    577,
    584,
    592,
    604,
    621,
    670,
    671,
    696,
    700,
    729,
    734,
    739,
    745,
    746,
    757,
    772,
    813,
    819,
    822,
    825,
    840,
    900,
    914,
    956,
    977,
    1015,
    1019,
    1021
  ],
  "trace_root": "2edc2d4e2384e2055871c3f6f3f202a585be09af46ed09a03c9550f27dd306d7"
}
