---
source: tests/ser_structures.rs
assertion_line: 121
expression: hex
---
01 00 02 01 02 ef be ad de 00 00 00 00 10 00 00 00 20 00 02 00 00 00 00 00 00 00 02 00 00 00 01 00 00 00 02 01 11 11 11 11 11 11 11 11 11 11 11 11 11 11 11 11 11 11 11 11 11 11 11 11 11 11 11 11 11 11 11 11
